[INFO] Scanning for projects...
[INFO] 
[INFO] ---------------------< com.example:ai-shop-agent >----------------------
[INFO] Building ai-shop-agent 1.0.0
[INFO]   from pom.xml
[INFO] --------------------------------[ jar ]---------------------------------
[INFO] 
[INFO] >>> spring-boot:3.2.5:run (default-cli) > test-compile @ ai-shop-agent >>>
[INFO] 
[INFO] --- resources:3.3.1:resources (default-resources) @ ai-shop-agent ---
[INFO] Copying 1 resource from src\main\resources to target\classes
[INFO] Copying 2 resources from src\main\resources to target\classes
[INFO] 
[INFO] --- compiler:3.11.0:compile (default-compile) @ ai-shop-agent ---
[INFO] Nothing to compile - all classes are up to date
[INFO] 
[INFO] --- resources:3.3.1:testResources (default-testResources) @ ai-shop-agent ---
[INFO] Copying 1 resource from src\test\resources to target\test-classes
[INFO] 
[INFO] --- compiler:3.11.0:testCompile (default-testCompile) @ ai-shop-agent ---
[INFO] Nothing to compile - all classes are up to date
[INFO] 
[INFO] <<< spring-boot:3.2.5:run (default-cli) < test-compile @ ai-shop-agent <<<
[INFO] 
[INFO] 
[INFO] --- spring-boot:3.2.5:run (default-cli) @ ai-shop-agent ---
[INFO] Attaching agents: []

  .   ____          _            __ _ _
 /\\ / ___'_ __ _ _(_)_ __  __ _ \ \ \ \
( ( )\___ | '_ | '_| | '_ \/ _` | \ \ \ \
 \\/  ___)| |_)| | | | | || (_| |  ) ) ) )
  '  |____| .__|_| |_|_| |_\__, | / / / /
 =========|_|==============|___/=/_/_/_/
 :: Spring Boot ::                (v3.2.5)

2026-06-03T11:56:19.694+08:00  INFO 46748 --- [ai-shop-agent] [           main] c.s.a.d.s.ShoppingSystemDemoApplication  : Starting ShoppingSystemDemoApplication using Java 17.0.12 with PID 46748 (D:\java109\ShoppingSystemDemo\target\classes started by 谢沐彦 in D:\java109\ShoppingSystemDemo)
2026-06-03T11:56:19.696+08:00  INFO 46748 --- [ai-shop-agent] [           main] c.s.a.d.s.ShoppingSystemDemoApplication  : No active profile set, falling back to 1 default profile: "default"
2026-06-03T11:56:20.003+08:00  INFO 46748 --- [ai-shop-agent] [           main] .s.d.r.c.RepositoryConfigurationDelegate : Bootstrapping Spring Data JPA repositories in DEFAULT mode.
2026-06-03T11:56:20.088+08:00  INFO 46748 --- [ai-shop-agent] [           main] .s.d.r.c.RepositoryConfigurationDelegate : Finished Spring Data repository scanning in 80 ms. Found 6 JPA repository interfaces.
2026-06-03T11:56:20.393+08:00  INFO 46748 --- [ai-shop-agent] [           main] org.reflections.Reflections              : Reflections took 29 ms to scan 1 urls, producing 3 keys and 3 values
2026-06-03T11:56:20.561+08:00  INFO 46748 --- [ai-shop-agent] [           main] com.zaxxer.hikari.HikariDataSource       : HikariPool-1 - Starting...
2026-06-03T11:56:20.675+08:00  INFO 46748 --- [ai-shop-agent] [           main] com.zaxxer.hikari.pool.HikariPool        : HikariPool-1 - Added connection com.mysql.cj.jdbc.ConnectionImpl@c7f4457
2026-06-03T11:56:20.682+08:00  INFO 46748 --- [ai-shop-agent] [           main] com.zaxxer.hikari.HikariDataSource       : HikariPool-1 - Start completed.
2026-06-03T11:56:20.737+08:00  INFO 46748 --- [ai-shop-agent] [           main] o.hibernate.jpa.internal.util.LogHelper  : HHH000204: Processing PersistenceUnitInfo [name: default]
2026-06-03T11:56:20.774+08:00  INFO 46748 --- [ai-shop-agent] [           main] org.hibernate.Version                    : HHH000412: Hibernate ORM core version 6.4.4.Final
2026-06-03T11:56:20.794+08:00  INFO 46748 --- [ai-shop-agent] [           main] o.h.c.internal.RegionFactoryInitiator    : HHH000026: Second-level cache disabled
2026-06-03T11:56:20.975+08:00  INFO 46748 --- [ai-shop-agent] [           main] o.s.o.j.p.SpringPersistenceUnitInfo      : No LoadTimeWeaver setup: ignoring JPA class transformer
2026-06-03T11:56:21.008+08:00  WARN 46748 --- [ai-shop-agent] [           main] org.hibernate.dialect.Dialect            : HHH000511: The 5.7.0 version for [org.hibernate.dialect.MySQLDialect] is no longer supported, hence certain features may not work properly. The minimum supported version is 8.0.0. Check the community dialects project for available legacy versions.
2026-06-03T11:56:21.010+08:00  WARN 46748 --- [ai-shop-agent] [           main] org.hibernate.orm.deprecation            : HHH90000025: MySQLDialect does not need to be specified explicitly using 'hibernate.dialect' (remove the property setting and it will be selected by default)
2026-06-03T11:56:21.573+08:00  INFO 46748 --- [ai-shop-agent] [           main] o.h.e.t.j.p.i.JtaPlatformInitiator       : HHH000489: No JTA platform available (set 'hibernate.transaction.jta.platform' to enable JTA platform integration)
2026-06-03T11:56:21.612+08:00  INFO 46748 --- [ai-shop-agent] [           main] j.LocalContainerEntityManagerFactoryBean : Initialized JPA EntityManagerFactory for persistence unit 'default'
2026-06-03T11:56:22.141+08:00  INFO 46748 --- [ai-shop-agent] [           main] c.s.a.d.d.agent.graph.OrderGraphBuilder  : 【Graph】工作流图已编译并缓存，支持跨请求复用与断点续传
2026-06-03T11:56:22.171+08:00  INFO 46748 --- [ai-shop-agent] [           main] c.s.a.d.d.a.config.CheckpointTableFix    : 【CheckpointTableFix】agent_checkpoints 表已重建为 LONGTEXT
2026-06-03T11:56:22.491+08:00  INFO 46748 --- [ai-shop-agent] [           main] o.s.b.web.embedded.netty.NettyWebServer  : Netty started on port 8080
2026-06-03T11:56:22.502+08:00  INFO 46748 --- [ai-shop-agent] [           main] c.s.a.d.s.ShoppingSystemDemoApplication  : Started ShoppingSystemDemoApplication in 3.078 seconds (process running for 3.339)
[INFO] ------------------------------------------------------------------------
[INFO] BUILD FAILURE
[INFO] ------------------------------------------------------------------------
[INFO] Total time:  03:01 h
[INFO] Finished at: 2026-06-03T14:58:13+08:00
[INFO] ------------------------------------------------------------------------
[ERROR] Failed to execute goal org.springframework.boot:spring-boot-maven-plugin:3.2.5:run (default-cli) on project ai-shop-agent: Process terminated with exit code: 1 -> [Help 1]
[ERROR] 
[ERROR] To see the full stack trace of the errors, re-run Maven with the -e switch.
[ERROR] Re-run Maven using the -X switch to enable full debug logging.
[ERROR] 
[ERROR] For more information about the errors and possible solutions, please read the following articles:
[ERROR] [Help 1] http://cwiki.apache.org/confluence/display/MAVEN/MojoExecutionException
